Flow report for Ethernet
Mon May 11 00:04:45 2015
Quartus II 64-Bit Version 13.0.1 Build 232 06/12/2013 Service Pack 1 SJ Full Version


---------------------
; Table of Contents ;
---------------------
  1. Legal Notice
  2. Flow Summary
  3. Flow Settings
  4. Flow Non-Default Global Settings
  5. Flow Elapsed Time
  6. Flow OS Summary
  7. Flow Log
  8. Flow Messages
  9. Flow Suppressed Messages



----------------
; Legal Notice ;
----------------
Copyright (C) 1991-2013 Altera Corporation
Your use of Altera Corporation's design tools, logic functions 
and other software and tools, and its AMPP partner logic 
functions, and any output files from any of the foregoing 
(including device programming or simulation files), and any 
associated documentation or information are expressly subject 
to the terms and conditions of the Altera Program License 
Subscription Agreement, Altera MegaCore Function License 
Agreement, or other applicable license agreement, including, 
without limitation, that your use is for the sole purpose of 
programming logic devices manufactured by Altera and sold by 
Altera or its authorized distributors.  Please refer to the 
applicable agreement for further details.



+---------------------------------------------------------------------------------------+
; Flow Summary                                                                          ;
+------------------------------------+--------------------------------------------------+
; Flow Status                        ; Successful - Mon May 11 00:04:42 2015            ;
; Quartus II 64-Bit Version          ; 13.0.1 Build 232 06/12/2013 SP 1 SJ Full Version ;
; Revision Name                      ; Ethernet                                         ;
; Top-level Entity Name              ; main                                             ;
; Family                             ; Cyclone II                                       ;
; Device                             ; EP2C70F896C6                                     ;
; Timing Models                      ; Final                                            ;
; Total logic elements               ; 1,144 / 68,416 ( 2 % )                           ;
;     Total combinational functions  ; 837 / 68,416 ( 1 % )                             ;
;     Dedicated logic registers      ; 743 / 68,416 ( 1 % )                             ;
; Total registers                    ; 743                                              ;
; Total pins                         ; 65 / 622 ( 10 % )                                ;
; Total virtual pins                 ; 0                                                ;
; Total memory bits                  ; 917,504 / 1,152,000 ( 80 % )                     ;
; Embedded Multiplier 9-bit elements ; 0 / 300 ( 0 % )                                  ;
; Total PLLs                         ; 1 / 4 ( 25 % )                                   ;
+------------------------------------+--------------------------------------------------+


+-----------------------------------------+
; Flow Settings                           ;
+-------------------+---------------------+
; Option            ; Setting             ;
+-------------------+---------------------+
; Start date & time ; 04/27/2015 22:00:27 ;
; Main task         ; Compilation         ;
; Revision Name     ; Ethernet            ;
+-------------------+---------------------+


+------------------------------------------------------------------------------------------------------------------------+
; Flow Non-Default Global Settings                                                                                       ;
+-------------------------------------+---------------------------------------+---------------+-------------+------------+
; Assignment Name                     ; Value                                 ; Default Value ; Entity Name ; Section Id ;
+-------------------------------------+---------------------------------------+---------------+-------------+------------+
; COMPILER_SIGNATURE_ID               ; 24062491136.143013602710064           ; --            ; --          ; --         ;
; FLOW_ENABLE_IO_ASSIGNMENT_ANALYSIS  ; On                                    ; Off           ; --          ; --         ;
; IP_TOOL_NAME                        ; ALTPLL                                ; --            ; --          ; --         ;
; IP_TOOL_VERSION                     ; 13.0                                  ; --            ; --          ; --         ;
; MAX_CORE_JUNCTION_TEMP              ; 85                                    ; --            ; --          ; --         ;
; MIN_CORE_JUNCTION_TEMP              ; 0                                     ; --            ; --          ; --         ;
; MISC_FILE                           ; CLK_PLL_inst.v                        ; --            ; --          ; --         ;
; MISC_FILE                           ; CLK_PLL_bb.v                          ; --            ; --          ; --         ;
; MISC_FILE                           ; CLK_PLL.ppf                           ; --            ; --          ; --         ;
; PARTITION_COLOR                     ; 16764057                              ; --            ; main        ; Top        ;
; PARTITION_FITTER_PRESERVATION_LEVEL ; PLACEMENT_AND_ROUTING                 ; --            ; main        ; Top        ;
; PARTITION_NETLIST_TYPE              ; SOURCE                                ; --            ; main        ; Top        ;
; POWER_BOARD_THERMAL_MODEL           ; None (CONSERVATIVE)                   ; --            ; --          ; --         ;
; POWER_PRESET_COOLING_SOLUTION       ; 23 MM HEAT SINK WITH 200 LFPM AIRFLOW ; --            ; --          ; --         ;
; PROJECT_OUTPUT_DIRECTORY            ; output_files                          ; --            ; --          ; --         ;
; SMART_RECOMPILE                     ; On                                    ; Off           ; --          ; --         ;
; TOP_LEVEL_ENTITY                    ; main                                  ; Ethernet      ; --          ; --         ;
+-------------------------------------+---------------------------------------+---------------+-------------+------------+


+-------------------------------------------------------------------------------------------------------------------------------+
; Flow Elapsed Time                                                                                                             ;
+---------------------------+--------------+-------------------------+---------------------+------------------------------------+
; Module Name               ; Elapsed Time ; Average Processors Used ; Peak Virtual Memory ; Total CPU Time (on all processors) ;
+---------------------------+--------------+-------------------------+---------------------+------------------------------------+
; Analysis & Synthesis      ; 00:00:03     ; 1.0                     ; 473 MB              ; 00:00:01                           ;
; I/O Assignment Analysis   ; 00:00:07     ; 1.0                     ; 703 MB              ; 00:00:02                           ;
; Fitter                    ; 00:00:09     ; 1.9                     ; 1157 MB             ; 00:00:10                           ;
; Assembler                 ; 00:00:05     ; 1.0                     ; 444 MB              ; 00:00:03                           ;
; TimeQuest Timing Analyzer ; 00:00:02     ; 1.0                     ; 455 MB              ; 00:00:01                           ;
; Analysis & Synthesis      ; 00:00:09     ; 1.4                     ; 531 MB              ; 00:00:05                           ;
; Partition Merge           ; 00:00:02     ; 1.0                     ; 480 MB              ; 00:00:01                           ;
; I/O Assignment Analysis   ; 00:00:04     ; 1.0                     ; 703 MB              ; 00:00:02                           ;
; Fitter                    ; 00:00:12     ; 1.0                     ; 1166 MB             ; 00:00:09                           ;
; Assembler                 ; 00:00:05     ; 1.0                     ; 439 MB              ; 00:00:03                           ;
; TimeQuest Timing Analyzer ; 00:00:03     ; 1.0                     ; 460 MB              ; 00:00:01                           ;
; Analysis & Synthesis      ; 00:00:08     ; 1.5                     ; 534 MB              ; 00:00:05                           ;
; Partition Merge           ; 00:00:02     ; 1.0                     ; 480 MB              ; 00:00:01                           ;
; I/O Assignment Analysis   ; 00:00:04     ; 1.0                     ; 703 MB              ; 00:00:02                           ;
; Fitter                    ; 00:00:08     ; 1.4                     ; 1155 MB             ; 00:00:09                           ;
; Assembler                 ; 00:00:05     ; 1.0                     ; 443 MB              ; 00:00:03                           ;
; TimeQuest Timing Analyzer ; 00:00:02     ; 1.0                     ; 451 MB              ; 00:00:01                           ;
; Analysis & Synthesis      ; 00:00:05     ; 1.0                     ; 527 MB              ; 00:00:03                           ;
; Partition Merge           ; 00:00:02     ; 1.0                     ; 471 MB              ; 00:00:01                           ;
; I/O Assignment Analysis   ; 00:00:04     ; 1.0                     ; 703 MB              ; 00:00:02                           ;
; Fitter                    ; 00:00:09     ; 1.4                     ; 1170 MB             ; 00:00:10                           ;
; Assembler                 ; 00:00:05     ; 1.0                     ; 443 MB              ; 00:00:03                           ;
; TimeQuest Timing Analyzer ; 00:00:02     ; 1.0                     ; 451 MB              ; 00:00:01                           ;
; Analysis & Synthesis      ; 00:00:08     ; 1.5                     ; 526 MB              ; 00:00:05                           ;
; Partition Merge           ; 00:00:02     ; 1.0                     ; 480 MB              ; 00:00:01                           ;
; I/O Assignment Analysis   ; 00:00:04     ; 1.0                     ; 703 MB              ; 00:00:02                           ;
; Fitter                    ; 00:00:09     ; 1.0                     ; 1151 MB             ; 00:00:10                           ;
; Assembler                 ; 00:00:05     ; 1.0                     ; 443 MB              ; 00:00:03                           ;
; TimeQuest Timing Analyzer ; 00:00:02     ; 1.0                     ; 460 MB              ; 00:00:01                           ;
; Analysis & Synthesis      ; 00:00:08     ; 1.5                     ; 530 MB              ; 00:00:06                           ;
; Partition Merge           ; 00:00:05     ; 1.0                     ; 471 MB              ; 00:00:01                           ;
; I/O Assignment Analysis   ; 00:00:04     ; 1.0                     ; 703 MB              ; 00:00:02                           ;
; Fitter                    ; 00:00:09     ; 1.4                     ; 1168 MB             ; 00:00:10                           ;
; Assembler                 ; 00:00:04     ; 1.0                     ; 447 MB              ; 00:00:03                           ;
; TimeQuest Timing Analyzer ; 00:00:02     ; 1.0                     ; 449 MB              ; 00:00:01                           ;
; Analysis & Synthesis      ; 00:00:07     ; 1.6                     ; 534 MB              ; 00:00:05                           ;
; Partition Merge           ; 00:00:02     ; 1.0                     ; 464 MB              ; 00:00:01                           ;
; I/O Assignment Analysis   ; 00:00:04     ; 1.0                     ; 703 MB              ; 00:00:02                           ;
; Fitter                    ; 00:00:09     ; 1.4                     ; 1167 MB             ; 00:00:10                           ;
; Assembler                 ; 00:00:05     ; 1.0                     ; 443 MB              ; 00:00:03                           ;
; TimeQuest Timing Analyzer ; 00:00:02     ; 1.0                     ; 449 MB              ; 00:00:01                           ;
; Analysis & Synthesis      ; 00:00:06     ; 1.0                     ; 535 MB              ; 00:00:04                           ;
; Partition Merge           ; 00:00:02     ; 1.0                     ; 480 MB              ; 00:00:01                           ;
; I/O Assignment Analysis   ; 00:00:05     ; 1.0                     ; 703 MB              ; 00:00:02                           ;
; Fitter                    ; 00:00:09     ; 1.4                     ; 1168 MB             ; 00:00:10                           ;
; Assembler                 ; 00:00:05     ; 1.0                     ; 443 MB              ; 00:00:03                           ;
; TimeQuest Timing Analyzer ; 00:00:04     ; 1.0                     ; 449 MB              ; 00:00:01                           ;
; Analysis & Synthesis      ; 00:00:15     ; 1.5                     ; 530 MB              ; 00:00:06                           ;
; Partition Merge           ; 00:00:03     ; 1.0                     ; 471 MB              ; 00:00:01                           ;
; I/O Assignment Analysis   ; 00:00:08     ; 1.0                     ; 703 MB              ; 00:00:02                           ;
; Fitter                    ; 00:00:11     ; 1.7                     ; 1153 MB             ; 00:00:10                           ;
; Assembler                 ; 00:00:05     ; 1.0                     ; 443 MB              ; 00:00:03                           ;
; TimeQuest Timing Analyzer ; 00:00:02     ; 1.0                     ; 449 MB              ; 00:00:01                           ;
; Analysis & Synthesis      ; 00:00:08     ; 1.5                     ; 543 MB              ; 00:00:05                           ;
; Partition Merge           ; 00:00:02     ; 1.0                     ; 471 MB              ; 00:00:01                           ;
; I/O Assignment Analysis   ; 00:00:04     ; 1.0                     ; 703 MB              ; 00:00:02                           ;
; Fitter                    ; 00:00:09     ; 1.9                     ; 1167 MB             ; 00:00:10                           ;
; Assembler                 ; 00:00:05     ; 1.0                     ; 439 MB              ; 00:00:03                           ;
; TimeQuest Timing Analyzer ; 00:00:02     ; 1.0                     ; 449 MB              ; 00:00:01                           ;
; Analysis & Synthesis      ; 00:00:03     ; 1.0                     ; 513 MB              ; 00:00:02                           ;
; Analysis & Synthesis      ; 00:00:03     ; 1.0                     ; 509 MB              ; 00:00:02                           ;
; Analysis & Synthesis      ; 00:00:03     ; 1.0                     ; 509 MB              ; 00:00:02                           ;
; Analysis & Synthesis      ; 00:00:03     ; 1.0                     ; 509 MB              ; 00:00:02                           ;
; Analysis & Synthesis      ; 00:00:08     ; 1.7                     ; 526 MB              ; 00:00:06                           ;
; Partition Merge           ; 00:00:02     ; 1.0                     ; 471 MB              ; 00:00:01                           ;
; I/O Assignment Analysis   ; 00:00:04     ; 1.0                     ; 703 MB              ; 00:00:02                           ;
; Fitter                    ; 00:00:09     ; 1.4                     ; 1149 MB             ; 00:00:10                           ;
; Assembler                 ; 00:00:04     ; 1.0                     ; 443 MB              ; 00:00:03                           ;
; TimeQuest Timing Analyzer ; 00:00:02     ; 1.0                     ; 449 MB              ; 00:00:01                           ;
; Analysis & Synthesis      ; 00:00:09     ; 1.4                     ; 530 MB              ; 00:00:07                           ;
; Partition Merge           ; 00:00:03     ; 1.0                     ; 471 MB              ; 00:00:01                           ;
; I/O Assignment Analysis   ; 00:00:05     ; 1.0                     ; 703 MB              ; 00:00:03                           ;
; Fitter                    ; 00:00:10     ; 1.0                     ; 1154 MB             ; 00:00:12                           ;
; Assembler                 ; 00:00:05     ; 1.0                     ; 466 MB              ; 00:00:03                           ;
; TimeQuest Timing Analyzer ; 00:00:02     ; 1.0                     ; 464 MB              ; 00:00:01                           ;
; Analysis & Synthesis      ; 00:00:08     ; 1.5                     ; 541 MB              ; 00:00:06                           ;
; Partition Merge           ; 00:00:02     ; 1.0                     ; 456 MB              ; 00:00:01                           ;
; I/O Assignment Analysis   ; 00:00:05     ; 1.0                     ; 707 MB              ; 00:00:03                           ;
; Fitter                    ; 00:00:10     ; 1.0                     ; 1163 MB             ; 00:00:12                           ;
; Assembler                 ; 00:00:04     ; 1.0                     ; 470 MB              ; 00:00:03                           ;
; TimeQuest Timing Analyzer ; 00:00:02     ; 1.0                     ; 464 MB              ; 00:00:01                           ;
; Analysis & Synthesis      ; 00:00:11     ; 1.6                     ; 542 MB              ; 00:00:09                           ;
; Partition Merge           ; 00:00:02     ; 1.0                     ; 480 MB              ; 00:00:01                           ;
; I/O Assignment Analysis   ; 00:00:06     ; 1.0                     ; 709 MB              ; 00:00:04                           ;
; Fitter                    ; 00:00:14     ; 1.5                     ; 1179 MB             ; 00:00:18                           ;
; Assembler                 ; 00:00:04     ; 1.0                     ; 444 MB              ; 00:00:03                           ;
; TimeQuest Timing Analyzer ; 00:00:03     ; 1.0                     ; 494 MB              ; 00:00:01                           ;
; Analysis & Synthesis      ; 00:00:08     ; 1.5                     ; 557 MB              ; 00:00:06                           ;
; Partition Merge           ; 00:00:02     ; 1.0                     ; 478 MB              ; 00:00:01                           ;
; I/O Assignment Analysis   ; 00:00:06     ; 1.0                     ; 711 MB              ; 00:00:04                           ;
; Fitter                    ; 00:00:15     ; 1.5                     ; 1175 MB             ; 00:00:17                           ;
; Assembler                 ; 00:00:05     ; 1.0                     ; 444 MB              ; 00:00:03                           ;
; TimeQuest Timing Analyzer ; 00:00:02     ; 1.0                     ; 494 MB              ; 00:00:01                           ;
; Analysis & Synthesis      ; 00:00:08     ; 1.5                     ; 553 MB              ; 00:00:06                           ;
; Partition Merge           ; 00:00:02     ; 1.0                     ; 466 MB              ; 00:00:01                           ;
; I/O Assignment Analysis   ; 00:00:06     ; 1.0                     ; 711 MB              ; 00:00:04                           ;
; Fitter                    ; 00:00:14     ; 2.3                     ; 1168 MB             ; 00:00:17                           ;
; Assembler                 ; 00:00:05     ; 1.0                     ; 444 MB              ; 00:00:03                           ;
; TimeQuest Timing Analyzer ; 00:00:03     ; 1.0                     ; 494 MB              ; 00:00:01                           ;
; Analysis & Synthesis      ; 00:00:17     ; 1.4                     ; 553 MB              ; 00:00:06                           ;
; Partition Merge           ; 00:00:04     ; 1.0                     ; 466 MB              ; 00:00:01                           ;
; I/O Assignment Analysis   ; 00:00:10     ; 1.0                     ; 711 MB              ; 00:00:04                           ;
; Fitter                    ; 00:00:16     ; 1.9                     ; 1175 MB             ; 00:00:18                           ;
; Assembler                 ; 00:00:06     ; 1.0                     ; 448 MB              ; 00:00:03                           ;
; TimeQuest Timing Analyzer ; 00:00:02     ; 1.0                     ; 496 MB              ; 00:00:01                           ;
; Analysis & Synthesis      ; 00:00:09     ; 1.5                     ; 557 MB              ; 00:00:06                           ;
; Partition Merge           ; 00:00:03     ; 1.0                     ; 478 MB              ; 00:00:01                           ;
; I/O Assignment Analysis   ; 00:00:06     ; 1.0                     ; 711 MB              ; 00:00:04                           ;
; Fitter                    ; 00:00:14     ; 1.8                     ; 1178 MB             ; 00:00:18                           ;
; Assembler                 ; 00:00:05     ; 1.0                     ; 444 MB              ; 00:00:03                           ;
; TimeQuest Timing Analyzer ; 00:00:03     ; 1.0                     ; 494 MB              ; 00:00:01                           ;
; Analysis & Synthesis      ; 00:00:04     ; 1.0                     ; 448 MB              ; 00:00:01                           ;
; Analysis & Synthesis      ; 00:00:13     ; 1.4                     ; 548 MB              ; 00:00:06                           ;
; Analysis & Synthesis      ; 00:00:10     ; 1.5                     ; 548 MB              ; 00:00:06                           ;
; Partition Merge           ; 00:00:03     ; 1.0                     ; 478 MB              ; 00:00:01                           ;
; I/O Assignment Analysis   ; 00:00:06     ; 1.0                     ; 711 MB              ; 00:00:04                           ;
; Fitter                    ; 00:00:15     ; 1.7                     ; 1190 MB             ; 00:00:18                           ;
; Assembler                 ; 00:00:05     ; 1.0                     ; 444 MB              ; 00:00:03                           ;
; TimeQuest Timing Analyzer ; 00:00:02     ; 1.0                     ; 494 MB              ; 00:00:01                           ;
; Total                     ; 00:11:28     ; --                      ; --                  ; 00:08:22                           ;
+---------------------------+--------------+-------------------------+---------------------+------------------------------------+


+----------------------------------------------------------------------------------------+
; Flow OS Summary                                                                        ;
+---------------------------+------------------+-----------+------------+----------------+
; Module Name               ; Machine Hostname ; OS Name   ; OS Version ; Processor type ;
+---------------------------+------------------+-----------+------------+----------------+
; Analysis & Synthesis      ; MrBigBear-PC     ; Windows 7 ; 6.1        ; x86_64         ;
; I/O Assignment Analysis   ; MrBigBear-PC     ; Windows 7 ; 6.1        ; x86_64         ;
; Fitter                    ; MrBigBear-PC     ; Windows 7 ; 6.1        ; x86_64         ;
; Assembler                 ; MrBigBear-PC     ; Windows 7 ; 6.1        ; x86_64         ;
; TimeQuest Timing Analyzer ; MrBigBear-PC     ; Windows 7 ; 6.1        ; x86_64         ;
; Analysis & Synthesis      ; MrBigBear-PC     ; Windows 7 ; 6.1        ; x86_64         ;
; Partition Merge           ; MrBigBear-PC     ; Windows 7 ; 6.1        ; x86_64         ;
; I/O Assignment Analysis   ; MrBigBear-PC     ; Windows 7 ; 6.1        ; x86_64         ;
; Fitter                    ; MrBigBear-PC     ; Windows 7 ; 6.1        ; x86_64         ;
; Assembler                 ; MrBigBear-PC     ; Windows 7 ; 6.1        ; x86_64         ;
; TimeQuest Timing Analyzer ; MrBigBear-PC     ; Windows 7 ; 6.1        ; x86_64         ;
; Analysis & Synthesis      ; MrBigBear-PC     ; Windows 7 ; 6.1        ; x86_64         ;
; Partition Merge           ; MrBigBear-PC     ; Windows 7 ; 6.1        ; x86_64         ;
; I/O Assignment Analysis   ; MrBigBear-PC     ; Windows 7 ; 6.1        ; x86_64         ;
; Fitter                    ; MrBigBear-PC     ; Windows 7 ; 6.1        ; x86_64         ;
; Assembler                 ; MrBigBear-PC     ; Windows 7 ; 6.1        ; x86_64         ;
; TimeQuest Timing Analyzer ; MrBigBear-PC     ; Windows 7 ; 6.1        ; x86_64         ;
; Analysis & Synthesis      ; MrBigBear-PC     ; Windows 7 ; 6.1        ; x86_64         ;
; Partition Merge           ; MrBigBear-PC     ; Windows 7 ; 6.1        ; x86_64         ;
; I/O Assignment Analysis   ; MrBigBear-PC     ; Windows 7 ; 6.1        ; x86_64         ;
; Fitter                    ; MrBigBear-PC     ; Windows 7 ; 6.1        ; x86_64         ;
; Assembler                 ; MrBigBear-PC     ; Windows 7 ; 6.1        ; x86_64         ;
; TimeQuest Timing Analyzer ; MrBigBear-PC     ; Windows 7 ; 6.1        ; x86_64         ;
; Analysis & Synthesis      ; MrBigBear-PC     ; Windows 7 ; 6.1        ; x86_64         ;
; Partition Merge           ; MrBigBear-PC     ; Windows 7 ; 6.1        ; x86_64         ;
; I/O Assignment Analysis   ; MrBigBear-PC     ; Windows 7 ; 6.1        ; x86_64         ;
; Fitter                    ; MrBigBear-PC     ; Windows 7 ; 6.1        ; x86_64         ;
; Assembler                 ; MrBigBear-PC     ; Windows 7 ; 6.1        ; x86_64         ;
; TimeQuest Timing Analyzer ; MrBigBear-PC     ; Windows 7 ; 6.1        ; x86_64         ;
; Analysis & Synthesis      ; MrBigBear-PC     ; Windows 7 ; 6.1        ; x86_64         ;
; Partition Merge           ; MrBigBear-PC     ; Windows 7 ; 6.1        ; x86_64         ;
; I/O Assignment Analysis   ; MrBigBear-PC     ; Windows 7 ; 6.1        ; x86_64         ;
; Fitter                    ; MrBigBear-PC     ; Windows 7 ; 6.1        ; x86_64         ;
; Assembler                 ; MrBigBear-PC     ; Windows 7 ; 6.1        ; x86_64         ;
; TimeQuest Timing Analyzer ; MrBigBear-PC     ; Windows 7 ; 6.1        ; x86_64         ;
; Analysis & Synthesis      ; MrBigBear-PC     ; Windows 7 ; 6.1        ; x86_64         ;
; Partition Merge           ; MrBigBear-PC     ; Windows 7 ; 6.1        ; x86_64         ;
; I/O Assignment Analysis   ; MrBigBear-PC     ; Windows 7 ; 6.1        ; x86_64         ;
; Fitter                    ; MrBigBear-PC     ; Windows 7 ; 6.1        ; x86_64         ;
; Assembler                 ; MrBigBear-PC     ; Windows 7 ; 6.1        ; x86_64         ;
; TimeQuest Timing Analyzer ; MrBigBear-PC     ; Windows 7 ; 6.1        ; x86_64         ;
; Analysis & Synthesis      ; MrBigBear-PC     ; Windows 7 ; 6.1        ; x86_64         ;
; Partition Merge           ; MrBigBear-PC     ; Windows 7 ; 6.1        ; x86_64         ;
; I/O Assignment Analysis   ; MrBigBear-PC     ; Windows 7 ; 6.1        ; x86_64         ;
; Fitter                    ; MrBigBear-PC     ; Windows 7 ; 6.1        ; x86_64         ;
; Assembler                 ; MrBigBear-PC     ; Windows 7 ; 6.1        ; x86_64         ;
; TimeQuest Timing Analyzer ; MrBigBear-PC     ; Windows 7 ; 6.1        ; x86_64         ;
; Analysis & Synthesis      ; MrBigBear-PC     ; Windows 7 ; 6.1        ; x86_64         ;
; Partition Merge           ; MrBigBear-PC     ; Windows 7 ; 6.1        ; x86_64         ;
; I/O Assignment Analysis   ; MrBigBear-PC     ; Windows 7 ; 6.1        ; x86_64         ;
; Fitter                    ; MrBigBear-PC     ; Windows 7 ; 6.1        ; x86_64         ;
; Assembler                 ; MrBigBear-PC     ; Windows 7 ; 6.1        ; x86_64         ;
; TimeQuest Timing Analyzer ; MrBigBear-PC     ; Windows 7 ; 6.1        ; x86_64         ;
; Analysis & Synthesis      ; MrBigBear-PC     ; Windows 7 ; 6.1        ; x86_64         ;
; Partition Merge           ; MrBigBear-PC     ; Windows 7 ; 6.1        ; x86_64         ;
; I/O Assignment Analysis   ; MrBigBear-PC     ; Windows 7 ; 6.1        ; x86_64         ;
; Fitter                    ; MrBigBear-PC     ; Windows 7 ; 6.1        ; x86_64         ;
; Assembler                 ; MrBigBear-PC     ; Windows 7 ; 6.1        ; x86_64         ;
; TimeQuest Timing Analyzer ; MrBigBear-PC     ; Windows 7 ; 6.1        ; x86_64         ;
; Analysis & Synthesis      ; MrBigBear-PC     ; Windows 7 ; 6.1        ; x86_64         ;
; Analysis & Synthesis      ; MrBigBear-PC     ; Windows 7 ; 6.1        ; x86_64         ;
; Analysis & Synthesis      ; MrBigBear-PC     ; Windows 7 ; 6.1        ; x86_64         ;
; Analysis & Synthesis      ; MrBigBear-PC     ; Windows 7 ; 6.1        ; x86_64         ;
; Analysis & Synthesis      ; MrBigBear-PC     ; Windows 7 ; 6.1        ; x86_64         ;
; Partition Merge           ; MrBigBear-PC     ; Windows 7 ; 6.1        ; x86_64         ;
; I/O Assignment Analysis   ; MrBigBear-PC     ; Windows 7 ; 6.1        ; x86_64         ;
; Fitter                    ; MrBigBear-PC     ; Windows 7 ; 6.1        ; x86_64         ;
; Assembler                 ; MrBigBear-PC     ; Windows 7 ; 6.1        ; x86_64         ;
; TimeQuest Timing Analyzer ; MrBigBear-PC     ; Windows 7 ; 6.1        ; x86_64         ;
; Analysis & Synthesis      ; MrBigBear-PC     ; Windows 7 ; 6.1        ; x86_64         ;
; Partition Merge           ; MrBigBear-PC     ; Windows 7 ; 6.1        ; x86_64         ;
; I/O Assignment Analysis   ; MrBigBear-PC     ; Windows 7 ; 6.1        ; x86_64         ;
; Fitter                    ; MrBigBear-PC     ; Windows 7 ; 6.1        ; x86_64         ;
; Assembler                 ; MrBigBear-PC     ; Windows 7 ; 6.1        ; x86_64         ;
; TimeQuest Timing Analyzer ; MrBigBear-PC     ; Windows 7 ; 6.1        ; x86_64         ;
; Analysis & Synthesis      ; MrBigBear-PC     ; Windows 7 ; 6.1        ; x86_64         ;
; Partition Merge           ; MrBigBear-PC     ; Windows 7 ; 6.1        ; x86_64         ;
; I/O Assignment Analysis   ; MrBigBear-PC     ; Windows 7 ; 6.1        ; x86_64         ;
; Fitter                    ; MrBigBear-PC     ; Windows 7 ; 6.1        ; x86_64         ;
; Assembler                 ; MrBigBear-PC     ; Windows 7 ; 6.1        ; x86_64         ;
; TimeQuest Timing Analyzer ; MrBigBear-PC     ; Windows 7 ; 6.1        ; x86_64         ;
; Analysis & Synthesis      ; MrBigBear-PC     ; Windows 7 ; 6.1        ; x86_64         ;
; Partition Merge           ; MrBigBear-PC     ; Windows 7 ; 6.1        ; x86_64         ;
; I/O Assignment Analysis   ; MrBigBear-PC     ; Windows 7 ; 6.1        ; x86_64         ;
; Fitter                    ; MrBigBear-PC     ; Windows 7 ; 6.1        ; x86_64         ;
; Assembler                 ; MrBigBear-PC     ; Windows 7 ; 6.1        ; x86_64         ;
; TimeQuest Timing Analyzer ; MrBigBear-PC     ; Windows 7 ; 6.1        ; x86_64         ;
; Analysis & Synthesis      ; MrBigBear-PC     ; Windows 7 ; 6.1        ; x86_64         ;
; Partition Merge           ; MrBigBear-PC     ; Windows 7 ; 6.1        ; x86_64         ;
; I/O Assignment Analysis   ; MrBigBear-PC     ; Windows 7 ; 6.1        ; x86_64         ;
; Fitter                    ; MrBigBear-PC     ; Windows 7 ; 6.1        ; x86_64         ;
; Assembler                 ; MrBigBear-PC     ; Windows 7 ; 6.1        ; x86_64         ;
; TimeQuest Timing Analyzer ; MrBigBear-PC     ; Windows 7 ; 6.1        ; x86_64         ;
; Analysis & Synthesis      ; MrBigBear-PC     ; Windows 7 ; 6.1        ; x86_64         ;
; Partition Merge           ; MrBigBear-PC     ; Windows 7 ; 6.1        ; x86_64         ;
; I/O Assignment Analysis   ; MrBigBear-PC     ; Windows 7 ; 6.1        ; x86_64         ;
; Fitter                    ; MrBigBear-PC     ; Windows 7 ; 6.1        ; x86_64         ;
; Assembler                 ; MrBigBear-PC     ; Windows 7 ; 6.1        ; x86_64         ;
; TimeQuest Timing Analyzer ; MrBigBear-PC     ; Windows 7 ; 6.1        ; x86_64         ;
; Analysis & Synthesis      ; MrBigBear-PC     ; Windows 7 ; 6.1        ; x86_64         ;
; Partition Merge           ; MrBigBear-PC     ; Windows 7 ; 6.1        ; x86_64         ;
; I/O Assignment Analysis   ; MrBigBear-PC     ; Windows 7 ; 6.1        ; x86_64         ;
; Fitter                    ; MrBigBear-PC     ; Windows 7 ; 6.1        ; x86_64         ;
; Assembler                 ; MrBigBear-PC     ; Windows 7 ; 6.1        ; x86_64         ;
; TimeQuest Timing Analyzer ; MrBigBear-PC     ; Windows 7 ; 6.1        ; x86_64         ;
; Analysis & Synthesis      ; MrBigBear-PC     ; Windows 7 ; 6.1        ; x86_64         ;
; Partition Merge           ; MrBigBear-PC     ; Windows 7 ; 6.1        ; x86_64         ;
; I/O Assignment Analysis   ; MrBigBear-PC     ; Windows 7 ; 6.1        ; x86_64         ;
; Fitter                    ; MrBigBear-PC     ; Windows 7 ; 6.1        ; x86_64         ;
; Assembler                 ; MrBigBear-PC     ; Windows 7 ; 6.1        ; x86_64         ;
; TimeQuest Timing Analyzer ; MrBigBear-PC     ; Windows 7 ; 6.1        ; x86_64         ;
; Analysis & Synthesis      ; MrBigBear-PC     ; Windows 7 ; 6.1        ; x86_64         ;
; Analysis & Synthesis      ; MrBigBear-PC     ; Windows 7 ; 6.1        ; x86_64         ;
; Analysis & Synthesis      ; MrBigBear-PC     ; Windows 7 ; 6.1        ; x86_64         ;
; Partition Merge           ; MrBigBear-PC     ; Windows 7 ; 6.1        ; x86_64         ;
; I/O Assignment Analysis   ; MrBigBear-PC     ; Windows 7 ; 6.1        ; x86_64         ;
; Fitter                    ; MrBigBear-PC     ; Windows 7 ; 6.1        ; x86_64         ;
; Assembler                 ; MrBigBear-PC     ; Windows 7 ; 6.1        ; x86_64         ;
; TimeQuest Timing Analyzer ; MrBigBear-PC     ; Windows 7 ; 6.1        ; x86_64         ;
+---------------------------+------------------+-----------+------------+----------------+


------------
; Flow Log ;
------------
quartus_map --read_settings_files=on --write_settings_files=off Ethernet -c Ethernet
quartus_fit --read_settings_files=off --write_settings_files=off Ethernet -c Ethernet --check_ios
quartus_fit --read_settings_files=off --write_settings_files=off Ethernet -c Ethernet
quartus_asm --read_settings_files=off --write_settings_files=off Ethernet -c Ethernet
quartus_sta Ethernet -c Ethernet
quartus_map --read_settings_files=on --write_settings_files=off Ethernet -c Ethernet
quartus_cdb --read_settings_files=off --write_settings_files=off Ethernet -c Ethernet --merge=on
quartus_fit --read_settings_files=off --write_settings_files=off Ethernet -c Ethernet --check_ios
quartus_fit --read_settings_files=off --write_settings_files=off Ethernet -c Ethernet
quartus_asm --read_settings_files=off --write_settings_files=off Ethernet -c Ethernet
quartus_sta Ethernet -c Ethernet
quartus_map --read_settings_files=on --write_settings_files=off Ethernet -c Ethernet
quartus_cdb --read_settings_files=off --write_settings_files=off Ethernet -c Ethernet --merge=on
quartus_fit --read_settings_files=off --write_settings_files=off Ethernet -c Ethernet --check_ios
quartus_fit --read_settings_files=off --write_settings_files=off Ethernet -c Ethernet
quartus_asm --read_settings_files=off --write_settings_files=off Ethernet -c Ethernet
quartus_sta Ethernet -c Ethernet
quartus_map --read_settings_files=on --write_settings_files=off Ethernet -c Ethernet
quartus_cdb --read_settings_files=off --write_settings_files=off Ethernet -c Ethernet --merge=on
quartus_fit --read_settings_files=off --write_settings_files=off Ethernet -c Ethernet --check_ios
quartus_fit --read_settings_files=off --write_settings_files=off Ethernet -c Ethernet
quartus_asm --read_settings_files=off --write_settings_files=off Ethernet -c Ethernet
quartus_sta Ethernet -c Ethernet
quartus_map --read_settings_files=on --write_settings_files=off Ethernet -c Ethernet
quartus_cdb --read_settings_files=off --write_settings_files=off Ethernet -c Ethernet --merge=on
quartus_fit --read_settings_files=off --write_settings_files=off Ethernet -c Ethernet --check_ios
quartus_fit --read_settings_files=off --write_settings_files=off Ethernet -c Ethernet
quartus_asm --read_settings_files=off --write_settings_files=off Ethernet -c Ethernet
quartus_sta Ethernet -c Ethernet
quartus_map --read_settings_files=on --write_settings_files=off Ethernet -c Ethernet
quartus_cdb --read_settings_files=off --write_settings_files=off Ethernet -c Ethernet --merge=on
quartus_fit --read_settings_files=off --write_settings_files=off Ethernet -c Ethernet --check_ios
quartus_fit --read_settings_files=off --write_settings_files=off Ethernet -c Ethernet
quartus_asm --read_settings_files=off --write_settings_files=off Ethernet -c Ethernet
quartus_sta Ethernet -c Ethernet
quartus_map --read_settings_files=on --write_settings_files=off Ethernet -c Ethernet
quartus_cdb --read_settings_files=off --write_settings_files=off Ethernet -c Ethernet --merge=on
quartus_fit --read_settings_files=off --write_settings_files=off Ethernet -c Ethernet --check_ios
quartus_fit --read_settings_files=off --write_settings_files=off Ethernet -c Ethernet
quartus_asm --read_settings_files=off --write_settings_files=off Ethernet -c Ethernet
quartus_sta Ethernet -c Ethernet
quartus_map --read_settings_files=on --write_settings_files=off Ethernet -c Ethernet
quartus_cdb --read_settings_files=off --write_settings_files=off Ethernet -c Ethernet --merge=on
quartus_fit --read_settings_files=off --write_settings_files=off Ethernet -c Ethernet --check_ios
quartus_fit --read_settings_files=off --write_settings_files=off Ethernet -c Ethernet
quartus_asm --read_settings_files=off --write_settings_files=off Ethernet -c Ethernet
quartus_sta Ethernet -c Ethernet
quartus_map --read_settings_files=on --write_settings_files=off Ethernet -c Ethernet
quartus_cdb --read_settings_files=off --write_settings_files=off Ethernet -c Ethernet --merge=on
quartus_fit --read_settings_files=off --write_settings_files=off Ethernet -c Ethernet --check_ios
quartus_fit --read_settings_files=off --write_settings_files=off Ethernet -c Ethernet
quartus_asm --read_settings_files=off --write_settings_files=off Ethernet -c Ethernet
quartus_sta Ethernet -c Ethernet
quartus_map --read_settings_files=on --write_settings_files=off Ethernet -c Ethernet
quartus_cdb --read_settings_files=off --write_settings_files=off Ethernet -c Ethernet --merge=on
quartus_fit --read_settings_files=off --write_settings_files=off Ethernet -c Ethernet --check_ios
quartus_fit --read_settings_files=off --write_settings_files=off Ethernet -c Ethernet
quartus_asm --read_settings_files=off --write_settings_files=off Ethernet -c Ethernet
quartus_sta Ethernet -c Ethernet
quartus_map --read_settings_files=on --write_settings_files=off Ethernet -c Ethernet
quartus_map --read_settings_files=on --write_settings_files=off Ethernet -c Ethernet
quartus_map --read_settings_files=on --write_settings_files=off Ethernet -c Ethernet
quartus_map --read_settings_files=on --write_settings_files=off Ethernet -c Ethernet
quartus_map --read_settings_files=on --write_settings_files=off Ethernet -c Ethernet
quartus_cdb --read_settings_files=off --write_settings_files=off Ethernet -c Ethernet --merge=on
quartus_fit --read_settings_files=off --write_settings_files=off Ethernet -c Ethernet --check_ios
quartus_fit --read_settings_files=off --write_settings_files=off Ethernet -c Ethernet
quartus_asm --read_settings_files=off --write_settings_files=off Ethernet -c Ethernet
quartus_sta Ethernet -c Ethernet
quartus_map --read_settings_files=on --write_settings_files=off Ethernet -c Ethernet
quartus_cdb --read_settings_files=off --write_settings_files=off Ethernet -c Ethernet --merge=on
quartus_fit --read_settings_files=off --write_settings_files=off Ethernet -c Ethernet --check_ios
quartus_fit --read_settings_files=off --write_settings_files=off Ethernet -c Ethernet
quartus_asm --read_settings_files=off --write_settings_files=off Ethernet -c Ethernet
quartus_sta Ethernet -c Ethernet
quartus_map --read_settings_files=on --write_settings_files=off Ethernet -c Ethernet
quartus_cdb --read_settings_files=off --write_settings_files=off Ethernet -c Ethernet --merge=on
quartus_fit --read_settings_files=off --write_settings_files=off Ethernet -c Ethernet --check_ios
quartus_fit --read_settings_files=off --write_settings_files=off Ethernet -c Ethernet
quartus_asm --read_settings_files=off --write_settings_files=off Ethernet -c Ethernet
quartus_sta Ethernet -c Ethernet
quartus_map --read_settings_files=on --write_settings_files=off Ethernet -c Ethernet
quartus_cdb --read_settings_files=off --write_settings_files=off Ethernet -c Ethernet --merge=on
quartus_fit --read_settings_files=off --write_settings_files=off Ethernet -c Ethernet --check_ios
quartus_fit --read_settings_files=off --write_settings_files=off Ethernet -c Ethernet
quartus_asm --read_settings_files=off --write_settings_files=off Ethernet -c Ethernet
quartus_sta Ethernet -c Ethernet
quartus_map --read_settings_files=on --write_settings_files=off Ethernet -c Ethernet
quartus_cdb --read_settings_files=off --write_settings_files=off Ethernet -c Ethernet --merge=on
quartus_fit --read_settings_files=off --write_settings_files=off Ethernet -c Ethernet --check_ios
quartus_fit --read_settings_files=off --write_settings_files=off Ethernet -c Ethernet
quartus_asm --read_settings_files=off --write_settings_files=off Ethernet -c Ethernet
quartus_sta Ethernet -c Ethernet
quartus_map --read_settings_files=on --write_settings_files=off Ethernet -c Ethernet
quartus_cdb --read_settings_files=off --write_settings_files=off Ethernet -c Ethernet --merge=on
quartus_fit --read_settings_files=off --write_settings_files=off Ethernet -c Ethernet --check_ios
quartus_fit --read_settings_files=off --write_settings_files=off Ethernet -c Ethernet
quartus_asm --read_settings_files=off --write_settings_files=off Ethernet -c Ethernet
quartus_sta Ethernet -c Ethernet
quartus_map --read_settings_files=on --write_settings_files=off Ethernet -c Ethernet
quartus_cdb --read_settings_files=off --write_settings_files=off Ethernet -c Ethernet --merge=on
quartus_fit --read_settings_files=off --write_settings_files=off Ethernet -c Ethernet --check_ios
quartus_fit --read_settings_files=off --write_settings_files=off Ethernet -c Ethernet
quartus_asm --read_settings_files=off --write_settings_files=off Ethernet -c Ethernet
quartus_sta Ethernet -c Ethernet
quartus_map --read_settings_files=on --write_settings_files=off Ethernet -c Ethernet
quartus_cdb --read_settings_files=off --write_settings_files=off Ethernet -c Ethernet --merge=on
quartus_fit --read_settings_files=off --write_settings_files=off Ethernet -c Ethernet --check_ios
quartus_fit --read_settings_files=off --write_settings_files=off Ethernet -c Ethernet
quartus_asm --read_settings_files=off --write_settings_files=off Ethernet -c Ethernet
quartus_sta Ethernet -c Ethernet
quartus_map --read_settings_files=on --write_settings_files=off Ethernet -c Ethernet
quartus_map --read_settings_files=on --write_settings_files=off Ethernet -c Ethernet
quartus_map --read_settings_files=on --write_settings_files=off Ethernet -c Ethernet
quartus_cdb --read_settings_files=off --write_settings_files=off Ethernet -c Ethernet --merge=on
quartus_fit --read_settings_files=off --write_settings_files=off Ethernet -c Ethernet --check_ios
quartus_fit --read_settings_files=off --write_settings_files=off Ethernet -c Ethernet
quartus_asm --read_settings_files=off --write_settings_files=off Ethernet -c Ethernet
quartus_sta Ethernet -c Ethernet



