------------------------------------------------------------
TimeQuest Timing Analyzer Summary
------------------------------------------------------------

Type  : Slow Model Setup 'CLK_50'
Slack : -2.116
TNS   : -27.064

Type  : Slow Model Setup 'cnt[21]'
Slack : -1.285
TNS   : -9.654

Type  : Slow Model Setup 'GPIO_0[7]'
Slack : -0.986
TNS   : -22.888

Type  : Slow Model Hold 'CLK_50'
Slack : -2.153
TNS   : -42.724

Type  : Slow Model Hold 'GPIO_0[7]'
Slack : 0.287
TNS   : 0.000

Type  : Slow Model Hold 'cnt[21]'
Slack : 0.391
TNS   : 0.000

Type  : Slow Model Minimum Pulse Width 'GPIO_0[7]'
Slack : -1.777
TNS   : -40.777

Type  : Slow Model Minimum Pulse Width 'CLK_50'
Slack : -1.380
TNS   : -23.380

Type  : Slow Model Minimum Pulse Width 'cnt[21]'
Slack : -0.500
TNS   : -12.000

Type  : Fast Model Setup 'CLK_50'
Slack : -0.499
TNS   : -3.093

Type  : Fast Model Setup 'cnt[21]'
Slack : -0.063
TNS   : -0.091

Type  : Fast Model Setup 'GPIO_0[7]'
Slack : 0.001
TNS   : 0.000

Type  : Fast Model Hold 'CLK_50'
Slack : -1.439
TNS   : -28.470

Type  : Fast Model Hold 'GPIO_0[7]'
Slack : 0.215
TNS   : 0.000

Type  : Fast Model Hold 'cnt[21]'
Slack : 0.215
TNS   : 0.000

Type  : Fast Model Minimum Pulse Width 'GPIO_0[7]'
Slack : -1.777
TNS   : -40.777

Type  : Fast Model Minimum Pulse Width 'CLK_50'
Slack : -1.380
TNS   : -23.380

Type  : Fast Model Minimum Pulse Width 'cnt[21]'
Slack : -0.500
TNS   : -12.000

------------------------------------------------------------
